HEALTH: 200
LOGIN: 200
PROFILE: 307
PROFILE LOCATION: http://localhost:4410/api/v1/profile/
PROFILE BODY: 
PROJECTS: 200
404: 404
NO AUTH: 200